// Jest Snapshot v1, https://goo.gl/fbAQLP

exports[`FormInputEndDate Snapshot capturing Snapshot of FormInputEndDate 1`] = `
<div
  className="position-relative form-group"
>
  <label
    className="text-white"
    htmlFor="datetime"
  >
    Choisis la fin du vote
  </label>
  <div
    className="input-group"
  >
    <div
      className="input-group"
    >
      <input
        className="form-control"
        id="endDate"
        name="endDate"
        onChange={[Function]}
        required={true}
        type="date"
        value="2018-10-01"
      />
      <div
        className="input-group-append"
      >
        <span
          className="input-group-text"
        >
          <svg
            aria-hidden="true"
            className="svg-inline--fa fa-calendar fa-w-14 "
            data-icon="calendar"
            data-prefix="far"
            role="img"
            style={Object {}}
            viewBox="0 0 448 512"
            xmlns="http://www.w3.org/2000/svg"
          >
            <path
              d="M400 64h-48V12c0-6.6-5.4-12-12-12h-40c-6.6 0-12 5.4-12 12v52H160V12c0-6.6-5.4-12-12-12h-40c-6.6 0-12 5.4-12 12v52H48C21.5 64 0 85.5 0 112v352c0 26.5 21.5 48 48 48h352c26.5 0 48-21.5 48-48V112c0-26.5-21.5-48-48-48zm-6 400H54c-3.3 0-6-2.7-6-6V160h352v298c0 3.3-2.7 6-6 6z"
              fill="currentColor"
              style={Object {}}
            />
          </svg>
        </span>
      </div>
      <input
        className="form-control"
        id="endTime"
        name="endTime"
        onChange={[Function]}
        required={true}
        type="time"
        value="12:00"
      />
      <div
        className="input-group-append"
      >
        <span
          className="input-group-text"
        >
          <svg
            aria-hidden="true"
            className="svg-inline--fa fa-clock fa-w-16 "
            data-icon="clock"
            data-prefix="far"
            role="img"
            style={Object {}}
            viewBox="0 0 512 512"
            xmlns="http://www.w3.org/2000/svg"
          >
            <path
              d="M256 8C119 8 8 119 8 256s111 248 248 248 248-111 248-248S393 8 256 8zm0 448c-110.5 0-200-89.5-200-200S145.5 56 256 56s200 89.5 200 200-89.5 200-200 200zm61.8-104.4l-84.9-61.7c-3.1-2.3-4.9-5.9-4.9-9.7V116c0-6.6 5.4-12 12-12h32c6.6 0 12 5.4 12 12v141.7l66.8 48.6c5.4 3.9 6.5 11.4 2.6 16.8L334.6 349c-3.9 5.3-11.4 6.5-16.8 2.6z"
              fill="currentColor"
              style={Object {}}
            />
          </svg>
        </span>
      </div>
    </div>
  </div>
</div>
`;
