// Jest Snapshot v1, https://goo.gl/fbAQLP

exports[`LogoutView Snapshot capturing Snapshot of LogoutView 1`] = `null`;
