// Jest Snapshot v1, https://goo.gl/fbAQLP

exports[`LoginModal Snapshot capturing Snapshot of LoginModal 1`] = `null`;
